[35m  ____  [36m_ [35m __               [34m_   [0m
[35m |  _ \[36m(_)[35m/ _|             [34m| |  [0m
[35m | |_) [36m|_| [35m|_ [36m_ __ ___  ___[34m| |_ [0m
[35m |  _ <[36m| | [35m _|[36m '__/ _ \/ __[34m| __|[0m
[35m | |_) [36m| | [35m| [36m| | | (_) \__ \[34m |_ [0m
[35m |____/[36m|_|[35m_| [36m|_|  \___/|___/[34m\__|[0m
